// Jest Snapshot v1, https://goo.gl/fbAQLP

exports[`header style works 1`] = `
.c0 {
  -webkit-align-self: center;
  -ms-flex-item-align: center;
  align-self: center;
  background-color: #717070;
  display: -webkit-box;
  display: -webkit-flex;
  display: -ms-flexbox;
  display: flex;
  height: 50px;
  position: relative;
}

.c1 {
  -webkit-align-self: center;
  -ms-flex-item-align: center;
  align-self: center;
  display: -webkit-inline-box;
  display: -webkit-inline-flex;
  display: -ms-inline-flexbox;
  display: inline-flex;
  padding: 0 20px;
}

.c2 {
  -webkit-align-self: center;
  -ms-flex-item-align: center;
  align-self: center;
  display: -webkit-inline-box;
  display: -webkit-inline-flex;
  display: -ms-inline-flexbox;
  display: inline-flex;
  padding: 0 20px;
  -webkit-align-self: center;
  -ms-flex-item-align: center;
  align-self: center;
  margin: 0 auto;
}

.c2 img {
  height: 25px;
}

.c3 {
  -webkit-align-self: center;
  -ms-flex-item-align: center;
  align-self: center;
  display: -webkit-inline-box;
  display: -webkit-inline-flex;
  display: -ms-inline-flexbox;
  display: inline-flex;
  padding: 0 20px;
  position: absolute;
  right: 0;
}

<div
  className="c0"
>
  <div
    className="c1"
  >
    MenuIcon
  </div>
  <div
    className="c2"
  >
    <img
      alt="logo"
      src="/static/LudoLogo.png"
    />
  </div>
  <div
    className="c3"
  >
    PersonIcon
  </div>
</div>
`;
